inv_mpu_dmp_motion_driver.c:495:5:dmp_load_motion_driver_firmware	8	static
inv_mpu_dmp_motion_driver.c:507:5:dmp_set_orientation	40	static
inv_mpu_dmp_motion_driver.c:565:5:dmp_set_gyro_bias	32	static
inv_mpu_dmp_motion_driver.c:617:5:dmp_set_accel_bias	56	static,ignoring_inline_asm
inv_mpu_dmp_motion_driver.c:674:5:dmp_set_fifo_rate	40	static
inv_mpu_dmp_motion_driver.c:700:5:dmp_get_fifo_rate	16	static
inv_mpu_dmp_motion_driver.c:712:5:dmp_set_tap_thresh	32	static
inv_mpu_dmp_motion_driver.c:782:5:dmp_set_tap_axes	24	static
inv_mpu_dmp_motion_driver.c:800:5:dmp_set_tap_count	24	static
inv_mpu_dmp_motion_driver.c:818:5:dmp_set_tap_time	24	static
inv_mpu_dmp_motion_driver.c:834:5:dmp_set_tap_time_multi	24	static
inv_mpu_dmp_motion_driver.c:852:5:dmp_set_shake_reject_thresh	24	static
inv_mpu_dmp_motion_driver.c:871:5:dmp_set_shake_reject_time	24	static
inv_mpu_dmp_motion_driver.c:889:5:dmp_set_shake_reject_timeout	24	static
inv_mpu_dmp_motion_driver.c:904:5:dmp_get_pedometer_step_count	24	static
inv_mpu_dmp_motion_driver.c:924:5:dmp_set_pedometer_step_count	24	static
inv_mpu_dmp_motion_driver.c:940:5:dmp_get_pedometer_walk_time	24	static
inv_mpu_dmp_motion_driver.c:960:5:dmp_set_pedometer_walk_time	24	static
inv_mpu_dmp_motion_driver.c:990:5:dmp_enable_feature	32	static
inv_mpu_dmp_motion_driver.c:1127:5:dmp_get_enabled_features	16	static
inv_mpu_dmp_motion_driver.c:1142:5:dmp_enable_gyro_cal	40	static
inv_mpu_dmp_motion_driver.c:1163:5:dmp_enable_lp_quat	24	static
inv_mpu_dmp_motion_driver.c:1188:5:dmp_enable_6x_lp_quat	24	static
inv_mpu_dmp_motion_driver.c:1211:12:decode_gesture	24	static
inv_mpu_dmp_motion_driver.c:1245:5:dmp_set_interrupt_mode	40	static
inv_mpu_dmp_motion_driver.c:1281:5:dmp_read_fifo	80	static
inv_mpu_dmp_motion_driver.c:1373:5:dmp_register_tap_cb	16	static
inv_mpu_dmp_motion_driver.c:1384:5:dmp_register_android_orient_cb	16	static
