ml_math_func.h:34:25:inv_q30_to_float	16	static
results_holder.c:59:6:inv_store_gaming_quaternion	16	static
results_holder.c:71:6:inv_set_compass_correction	16	static
results_holder.c:83:6:inv_get_compass_correction	16	static
results_holder.c:92:5:inv_get_large_mag_field	4	static
results_holder.c:100:6:inv_set_large_mag_field	16	static
results_holder.c:108:5:inv_get_acc_state	4	static
results_holder.c:116:6:inv_set_acc_state	16	static
results_holder.c:126:5:inv_get_motion_state	16	static
results_holder.c:136:6:inv_set_motion_state	24	static
results_holder.c:162:6:inv_set_local_field	16	static
results_holder.c:172:6:inv_get_local_field	16	static
results_holder.c:181:6:inv_set_mag_scale	16	static
results_holder.c:190:6:inv_get_mag_scale	16	static
results_holder.c:199:13:inv_get_gravity	24	static
results_holder.c:216:13:inv_get_6axis_quaternion	16	static
results_holder.c:226:13:inv_get_quaternion	16	static
results_holder.c:240:13:inv_get_quaternion_float	48	static
results_holder.c:256:6:inv_get_quaternion_set	24	static
results_holder.c:276:13:inv_generate_results	16	static
results_holder.c:286:13:inv_start_results_holder	8	static
results_holder.c:298:13:inv_init_results_holder	8	static
results_holder.c:313:13:inv_enable_results_holder	16	static
results_holder.c:329:5:inv_got_accel_bias	4	static
results_holder.c:338:6:inv_set_accel_bias_found	16	static
results_holder.c:347:5:inv_got_compass_bias	4	static
results_holder.c:356:6:inv_set_compass_bias_found	16	static
results_holder.c:364:6:inv_set_compass_state	16	static
results_holder.c:372:5:inv_get_compass_state	4	static
results_holder.c:381:6:inv_set_compass_bias_error	16	static
results_holder.c:389:6:inv_get_compass_bias_error	16	static
results_holder.c:402:13:inv_get_linear_accel	32	static
results_holder.c:426:13:inv_get_accel	16	static
results_holder.c:443:13:inv_get_accel_float	40	static
results_holder.c:465:13:inv_get_gyro_float	40	static
results_holder.c:485:6:inv_set_heading_confidence_interval	16	static
results_holder.c:493:7:inv_get_heading_confidence_interval	4	static
results_holder.c:504:13:inv_get_linear_accel_float	40	static
