inv_mpu.c:46:6:get_ms_user	16	static
inv_mpu.c:667:12:set_int_enable	24	static
inv_mpu.c:702:5:mpu_reg_dump	16	static
inv_mpu.c:725:5:mpu_read_reg	16	static
inv_mpu.c:747:5:mpu_init	24	static
inv_mpu.c:846:5:mpu_lp_accel_mode	24	static
inv_mpu.c:938:5:mpu_get_gyro_reg	24	static
inv_mpu.c:961:5:mpu_get_accel_reg	24	static
inv_mpu.c:984:5:mpu_get_temperature	32	static
inv_mpu.c:1010:5:mpu_read_6500_accel_bias	24	static
inv_mpu.c:1033:5:mpu_read_6050_accel_bias	24	static
inv_mpu.c:1048:5:mpu_read_6500_gyro_bias	24	static
inv_mpu.c:1071:5:mpu_set_gyro_bias_reg	32	static
inv_mpu.c:1102:5:mpu_set_accel_bias_6050_reg	40	static
inv_mpu.c:1139:5:mpu_set_accel_bias_6500_reg	40	static
inv_mpu.c:1173:5:mpu_reset_fifo	16	static
inv_mpu.c:1238:5:mpu_get_gyro_fsr	16	static
inv_mpu.c:1266:5:mpu_set_gyro_fsr	24	static
inv_mpu.c:1304:5:mpu_get_accel_fsr	16	static
inv_mpu.c:1333:5:mpu_set_accel_fsr	24	static
inv_mpu.c:1371:5:mpu_get_lpf	16	static
inv_mpu.c:1408:5:mpu_set_lpf	24	static
inv_mpu.c:1441:5:mpu_get_sample_rate	16	static
inv_mpu.c:1456:5:mpu_set_sample_rate	24	static
inv_mpu.c:1506:5:mpu_get_compass_sample_rate	16	static
inv_mpu.c:1528:5:mpu_set_compass_sample_rate	16	static
inv_mpu.c:1550:5:mpu_get_gyro_sens	16	static
inv_mpu.c:1577:5:mpu_get_accel_sens	16	static
inv_mpu.c:1610:5:mpu_get_fifo_config	16	static
inv_mpu.c:1625:5:mpu_configure_fifo	24	static
inv_mpu.c:1670:5:mpu_get_power_state	16	static
inv_mpu.c:1689:5:mpu_set_sensors	24	static
inv_mpu.c:1771:5:mpu_get_int_status	24	static
inv_mpu.c:1800:5:mpu_read_fifo	48	static
inv_mpu.c:1886:5:mpu_read_fifo_stream	32	static
inv_mpu.c:1926:5:mpu_set_bypass	24	static
inv_mpu.c:1979:5:mpu_set_int_level	16	static
inv_mpu.c:1991:5:mpu_set_int_latched	24	static
inv_mpu.c:2012:12:get_accel_prod_shift	40	static
inv_mpu.c:2039:12:accel_self_test	48	static
inv_mpu.c:2061:12:gyro_self_test	40	static
inv_mpu.c:2159:12:get_st_biases	112	static
inv_mpu.c:2783:5:mpu_run_self_test	64	static
inv_mpu.c:2891:5:mpu_write_mem	24	static
inv_mpu.c:2923:5:mpu_read_mem	24	static
inv_mpu.c:2954:5:mpu_load_firmware	48	static
inv_mpu.c:2996:5:mpu_set_dmp_state	24	static
inv_mpu.c:3038:5:mpu_get_dmp_state	16	static
inv_mpu.c:3156:5:mpu_get_compass_reg	16	static
inv_mpu.c:3209:5:mpu_get_compass_fsr	16	static
inv_mpu.c:3257:5:mpu_lp_motion_interrupt	24	static
