stm32f1xx_it.c:74:6:NMI_Handler	4	static
stm32f1xx_it.c:89:6:HardFault_Handler	4	static
stm32f1xx_it.c:104:6:MemManage_Handler	4	static
stm32f1xx_it.c:119:6:BusFault_Handler	4	static
stm32f1xx_it.c:134:6:UsageFault_Handler	4	static
stm32f1xx_it.c:149:6:DebugMon_Handler	4	static
stm32f1xx_it.c:169:6:DMA1_Channel6_IRQHandler	8	static
stm32f1xx_it.c:183:6:DMA1_Channel7_IRQHandler	8	static
stm32f1xx_it.c:197:6:I2C1_EV_IRQHandler	8	static
stm32f1xx_it.c:211:6:I2C1_ER_IRQHandler	8	static
stm32f1xx_it.c:225:6:USART1_IRQHandler	8	static
stm32f1xx_it.c:239:6:EXTI15_10_IRQHandler	8	static
stm32f1xx_it.c:253:6:TIM7_IRQHandler	8	static
