ml_math_func.h:34:25:inv_q30_to_float	16	static
data_builder.c:110:20:inv_db_load_func	16	static
data_builder.c:126:20:inv_db_save_func	16	static
data_builder.c:134:13:inv_init_data_builder	8	static
data_builder.c:151:6:inv_get_gyro_sensitivity	4	static
data_builder.c:161:6:inv_get_accel_sensitivity	4	static
data_builder.c:171:6:inv_get_compass_sensitivity	4	static
data_builder.c:182:6:set_sensor_orientation_and_scale	24	static
data_builder.c:197:6:inv_set_gyro_orientation_and_scale	16	static
data_builder.c:214:6:inv_set_gyro_sample_rate	16	static
data_builder.c:235:6:inv_set_accel_sample_rate	16	static
data_builder.c:256:6:inv_set_compass_sample_rate	16	static
data_builder.c:274:6:inv_get_gyro_sample_rate_ms	16	static
data_builder.c:279:6:inv_get_accel_sample_rate_ms	16	static
data_builder.c:284:6:inv_get_compass_sample_rate_ms	16	static
data_builder.c:292:6:inv_set_quat_sample_rate	16	static
data_builder.c:309:6:inv_set_gyro_bandwidth	16	static
data_builder.c:317:6:inv_set_accel_bandwidth	16	static
data_builder.c:325:6:inv_set_compass_bandwidth	16	static
data_builder.c:333:5:inv_get_compass_on	4	static
data_builder.c:341:5:inv_get_gyro_on	4	static
data_builder.c:349:5:inv_get_accel_on	4	static
data_builder.c:358:12:inv_get_last_timestamp	16	static
data_builder.c:396:6:inv_set_accel_orientation_and_scale	16	static
data_builder.c:419:6:inv_set_compass_orientation_and_scale	16	static
data_builder.c:433:6:inv_matrix_vector_mult	32	static
data_builder.c:446:6:inv_apply_calibration	32	static
data_builder.c:470:6:inv_get_compass_bias	16	static
data_builder.c:478:6:inv_set_compass_bias	16	static
data_builder.c:493:6:inv_set_compass_disturbance	16	static
data_builder.c:498:5:inv_get_compass_disturbance	4	static
data_builder.c:506:6:inv_set_accel_bias	16	static
data_builder.c:524:6:inv_set_accel_accuracy	16	static
data_builder.c:536:6:inv_set_accel_bias_mask	24	static
data_builder.c:565:6:inv_set_gyro_bias	16	static
data_builder.c:602:5:inv_get_gyro_bias_tc_set	16	static
data_builder.c:619:6:inv_get_gyro_bias	16	static
data_builder.c:631:6:inv_get_accel_bias	16	static
data_builder.c:655:13:inv_build_accel	24	static
data_builder.c:698:13:inv_build_gyro	16	static
data_builder.c:730:13:inv_build_compass	40	static
data_builder.c:775:13:inv_build_temp	16	static
data_builder.c:804:13:inv_build_quat	24	static
data_builder.c:827:6:inv_accel_was_turned_off	4	static
data_builder.c:835:6:inv_compass_was_turned_off	4	static
data_builder.c:843:6:inv_quaternion_sensor_was_turned_off	4	static
data_builder.c:851:6:inv_gyro_was_turned_off	4	static
data_builder.c:859:6:inv_temperature_was_turned_off	4	static
data_builder.c:875:13:inv_register_data_cb	40	static
data_builder.c:936:13:inv_unregister_data_cb	24	static
data_builder.c:963:13:inv_execute_on_data	24	static
data_builder.c:1011:13:inv_set_contiguous	16	static
data_builder.c:1068:6:inv_get_accel_set	24	static
data_builder.c:1089:6:inv_get_gyro_set	24	static
data_builder.c:1107:6:inv_get_gyro_set_raw	24	static
data_builder.c:1123:6:inv_get_gyro	16	static
data_builder.c:1133:6:inv_get_compass_set	24	static
data_builder.c:1154:6:inv_get_temp_set	24	static
data_builder.c:1166:5:inv_get_gyro_accuracy	4	static
data_builder.c:1174:5:inv_get_mag_accuracy	4	static
data_builder.c:1184:5:inv_get_accel_accuracy	4	static
data_builder.c:1189:13:inv_get_gyro_orient	16	static
data_builder.c:1195:13:inv_get_accel_orient	16	static
data_builder.c:1208:6:inv_get_compass_soft_iron_matrix_d	24	static
data_builder.c:1220:6:inv_set_compass_soft_iron_matrix_d	24	static
data_builder.c:1234:6:inv_get_compass_soft_iron_matrix_f	24	static
data_builder.c:1245:6:inv_set_compass_soft_iron_matrix_f	24	static
data_builder.c:1260:6:inv_get_compass_soft_iron_output_data	24	static
data_builder.c:1271:6:inv_get_compass_soft_iron_input_data	24	static
data_builder.c:1282:6:inv_set_compass_soft_iron_input_data	24	static
data_builder.c:1305:6:inv_reset_compass_soft_iron_matrix	16	static
data_builder.c:1328:6:inv_enable_compass_soft_iron_matrix	4	static
data_builder.c:1335:6:inv_disable_compass_soft_iron_matrix	4	static
