eMPL_outputs.c:47:5:inv_get_sensor_type_accel	24	static
eMPL_outputs.c:64:5:inv_get_sensor_type_gyro	24	static
eMPL_outputs.c:81:5:inv_get_sensor_type_compass	24	static
eMPL_outputs.c:99:5:inv_get_sensor_type_quat	24	static
eMPL_outputs.c:115:5:inv_get_sensor_type_heading	64	static
eMPL_outputs.c:152:5:inv_get_sensor_type_euler	104	static
eMPL_outputs.c:219:5:inv_get_sensor_type_rot_mat	24	static
eMPL_outputs.c:227:20:inv_generate_eMPL_outputs	24	static
eMPL_outputs.c:282:13:inv_start_eMPL_outputs	8	static
eMPL_outputs.c:289:13:inv_stop_eMPL_outputs	8	static
eMPL_outputs.c:294:20:inv_init_eMPL_outputs	8	static
eMPL_outputs.c:303:13:inv_enable_eMPL_outputs	16	static
eMPL_outputs.c:315:13:inv_disable_eMPL_outputs	8	static
